[2026-07-20 22:14:35] [INFO] Installation script started.
[2026-07-24 11:11:34] [INFO] Installation script started.
[2026-07-24 11:12:20] [INFO] UI Update: Progress 0%
[2026-07-24 11:12:21] [INFO] UI Update: Progress 2%
[2026-07-24 11:12:21] [INFO] UI Update: Progress 4%
[2026-07-24 11:12:22] [INFO] UI Update: Progress 6%
[2026-07-24 11:12:22] [INFO] UI Update: Progress 10%
[2026-07-24 11:12:24] [INFO] UI Update: Progress 12%
[2026-07-24 11:12:27] [INFO] UI Update: Progress 15%
[2026-07-24 11:12:27] [INFO] UI Update: Progress 20%
[2026-07-26 10:16:27] [INFO] Installation script started.
[2026-07-26 10:16:32] [INFO] UI Update: Progress 0%
[2026-07-26 10:16:33] [INFO] UI Update: Progress 2%
[2026-07-26 10:16:33] [INFO] UI Update: Progress 4%
[2026-07-26 10:16:34] [INFO] UI Update: Progress 6%
[2026-07-26 10:16:34] [INFO] UI Update: Progress 10%
[2026-07-26 10:16:35] [INFO] UI Update: Progress 12%
[2026-07-26 10:16:36] [INFO] UI Update: Progress 15%
[2026-07-26 10:16:36] [INFO] UI Update: Progress 20%
[2026-07-26 10:17:45] [INFO] UI Update: Progress 30%
[2026-07-26 10:17:46] [INFO] UI Update: Progress 32%
[2026-07-26 10:17:47] [INFO] UI Update: Progress 33%
[2026-07-26 10:17:48] [ERROR] Failed to create virtual environment.
[2026-07-26 10:17:48] [ERROR] Installation error encountered. Check script for details.
[2026-07-26 10:17:48] [INFO] UI Update: Installation failed due to an exception (33%)
[2026-07-26 10:19:12] [INFO] UI Update: Progress 0%
[2026-07-26 10:19:13] [INFO] UI Update: Progress 2%
[2026-07-26 10:19:13] [INFO] UI Update: Progress 4%
[2026-07-26 10:19:14] [INFO] UI Update: Progress 6%
[2026-07-26 10:19:14] [INFO] UI Update: Progress 10%
[2026-07-26 10:19:15] [INFO] UI Update: Progress 12%
[2026-07-26 10:19:16] [INFO] UI Update: Progress 15%
[2026-07-26 10:19:16] [INFO] UI Update: Progress 20%
[2026-07-26 10:19:17] [INFO] UI Update: Progress 30%
[2026-07-26 10:19:18] [INFO] UI Update: Progress 32%
[2026-07-26 10:19:19] [INFO] UI Update: Progress 33%
[2026-07-26 10:19:20] [ERROR] Failed to create virtual environment.
[2026-07-26 10:19:20] [ERROR] Installation error encountered. Check script for details.
[2026-07-26 10:19:20] [INFO] UI Update: Installation failed due to an exception (33%)
[2026-07-26 10:19:21] [INFO] UI Update: Progress 0%
[2026-07-26 10:19:22] [INFO] UI Update: Progress 2%
[2026-07-26 10:19:22] [INFO] UI Update: Progress 4%
[2026-07-26 10:19:23] [INFO] UI Update: Progress 6%
[2026-07-26 10:19:24] [INFO] UI Update: Progress 10%
[2026-07-26 10:19:25] [INFO] UI Update: Progress 12%
[2026-07-26 10:19:25] [INFO] UI Update: Progress 15%
[2026-07-26 10:19:25] [INFO] UI Update: Progress 20%
[2026-07-26 10:19:26] [INFO] UI Update: Progress 30%
[2026-07-26 10:19:27] [INFO] UI Update: Progress 32%
[2026-07-26 10:19:28] [INFO] UI Update: Progress 33%
[2026-07-26 10:19:29] [ERROR] Failed to create virtual environment.
[2026-07-26 10:19:29] [ERROR] Installation error encountered. Check script for details.
[2026-07-26 10:19:29] [INFO] UI Update: Installation failed due to an exception (33%)
[2026-07-26 11:01:34] [INFO] Installation script started.
[2026-07-26 11:01:37] [INFO] UI Update: Progress 0%
[2026-07-26 11:01:38] [INFO] UI Update: Progress 2%
[2026-07-26 11:01:38] [INFO] UI Update: Progress 4%
[2026-07-26 11:01:39] [INFO] UI Update: Progress 6%
[2026-07-26 11:01:39] [INFO] UI Update: Progress 10%
[2026-07-26 11:01:40] [INFO] UI Update: Progress 12%
[2026-07-26 11:01:40] [INFO] UI Update: Progress 30%
[2026-07-26 11:01:41] [INFO] UI Update: Progress 32%
[2026-07-26 11:01:42] [INFO] UI Update: Progress 33%
[2026-07-26 11:01:56] [INFO] Virtual environment created successfully.
[2026-07-26 11:01:56] [INFO] Mock: File bypassed for testing (requirements.txt missing)
[2026-07-26 11:01:56] [INFO] UI Update: Progress 50%
[2026-07-26 11:01:57] [INFO] UI Update: Progress 52%
[2026-07-26 11:01:57] [INFO] UI Update: Progress 55%
[2026-07-26 11:01:57] [INFO] Mock: File bypassed for testing (OllamaSetup missing)
[2026-07-26 11:01:57] [INFO] UI Update: Progress 60%
[2026-07-26 11:01:58] [INFO] UI Update: Progress 62%
[2026-07-26 11:01:58] [INFO] UI Update: Progress 65%
[2026-07-26 11:01:58] [INFO] UI Update: Progress 67%
[2026-07-26 11:01:58] [INFO] UI Update: Progress 70%
[2026-07-26 11:01:58] [INFO] UI Update: Progress 72%
[2026-07-26 11:01:59] [INFO] UI Update: Progress 74%
[2026-07-26 11:01:59] [INFO] UI Update: Progress 76%
[2026-07-26 11:01:59] [INFO] UI Update: Progress 79%
[2026-07-26 11:01:59] [INFO] UI Update: Progress 81%
[2026-07-26 11:02:03] [INFO] UI Update: Progress 83%
[2026-07-26 11:02:05] [INFO] UI Update: Progress 85%
[2026-07-26 11:02:05] [INFO] UI Update: Progress 88%
[2026-07-26 11:02:05] [INFO] UI Update: Progress 90%
[2026-07-26 11:02:05] [INFO] UI Update: Progress 90%
[2026-07-26 11:02:06] [INFO] UI Update: Progress 92%
[2026-07-26 11:02:07] [INFO] UI Update: Progress 96%
[2026-07-26 11:02:08] [INFO] UI Update: Progress 98%
[2026-07-26 11:02:09] [INFO] UI Update: Progress 100%
[2026-07-26 11:02:47] [INFO] Installation script started.
[2026-07-26 11:02:49] [INFO] UI Update: Progress 0%
[2026-07-26 11:02:50] [INFO] UI Update: Progress 2%
[2026-07-26 11:02:50] [INFO] UI Update: Progress 4%
[2026-07-26 11:02:51] [INFO] UI Update: Progress 6%
[2026-07-26 11:02:51] [INFO] UI Update: Progress 10%
[2026-07-26 11:02:52] [INFO] UI Update: Progress 12%
[2026-07-26 11:02:52] [INFO] UI Update: Progress 30%
[2026-07-26 11:02:53] [INFO] UI Update: Progress 32%
[2026-07-26 11:02:54] [INFO] UI Update: Progress 33%
[2026-07-26 11:02:58] [INFO] Virtual environment created successfully.
[2026-07-26 11:02:58] [INFO] Mock: File bypassed for testing (requirements.txt missing)
[2026-07-26 11:02:58] [INFO] UI Update: Progress 50%
[2026-07-26 11:02:59] [INFO] UI Update: Progress 52%
[2026-07-26 11:02:59] [INFO] UI Update: Progress 55%
[2026-07-26 11:02:59] [INFO] Mock: File bypassed for testing (OllamaSetup missing)
[2026-07-26 11:02:59] [INFO] UI Update: Progress 60%
[2026-07-26 11:03:00] [INFO] UI Update: Progress 62%
[2026-07-26 11:03:00] [INFO] UI Update: Progress 65%
[2026-07-26 11:03:00] [INFO] UI Update: Progress 67%
[2026-07-26 11:03:00] [INFO] UI Update: Progress 70%
[2026-07-26 11:03:00] [INFO] UI Update: Progress 72%
[2026-07-26 11:03:00] [INFO] UI Update: Progress 74%
[2026-07-26 11:03:00] [INFO] UI Update: Progress 76%
[2026-07-26 11:03:00] [INFO] UI Update: Progress 79%
[2026-07-26 11:03:01] [INFO] UI Update: Progress 81%
[2026-07-26 11:03:15] [INFO] UI Update: Progress 83%
[2026-07-26 11:03:17] [INFO] UI Update: Progress 85%
[2026-07-26 11:03:17] [INFO] UI Update: Progress 88%
[2026-07-26 11:03:17] [INFO] UI Update: Progress 90%
[2026-07-26 11:03:17] [INFO] UI Update: Progress 90%
[2026-07-26 11:03:18] [INFO] UI Update: Progress 92%
[2026-07-26 11:03:19] [INFO] UI Update: Progress 96%
[2026-07-26 11:03:20] [INFO] UI Update: Progress 98%
[2026-07-26 11:03:21] [INFO] UI Update: Progress 100%
[2026-07-26 11:51:22] [INFO] Installation script started.
[2026-07-26 11:51:23] [INFO] UI Update: Progress 0%
[2026-07-26 11:51:24] [INFO] UI Update: Progress 2%
[2026-07-26 11:51:24] [INFO] UI Update: Progress 4%
[2026-07-26 11:51:25] [INFO] UI Update: Progress 6%
[2026-07-26 11:51:26] [INFO] UI Update: Progress 10%
[2026-07-26 11:51:27] [INFO] UI Update: Progress 12%
[2026-07-26 11:51:27] [INFO] UI Update: Progress 30%
[2026-07-26 11:51:28] [INFO] UI Update: Progress 32%
[2026-07-26 11:51:29] [INFO] UI Update: Progress 33%
[2026-07-26 11:51:32] [INFO] Virtual environment created successfully.
[2026-07-26 11:51:32] [INFO] Mock: File bypassed for testing (requirements.txt missing)
[2026-07-26 11:51:32] [INFO] UI Update: Progress 50%
[2026-07-26 11:51:33] [INFO] UI Update: Progress 52%
[2026-07-26 11:51:33] [INFO] UI Update: Progress 55%
[2026-07-26 11:51:33] [INFO] Mock: File bypassed for testing (OllamaSetup missing)
[2026-07-26 11:51:33] [INFO] UI Update: Progress 60%
[2026-07-26 11:51:34] [INFO] UI Update: Progress 62%
[2026-07-26 11:51:34] [INFO] UI Update: Progress 65%
[2026-07-26 11:51:34] [INFO] UI Update: Progress 67%
[2026-07-26 11:51:34] [INFO] UI Update: Progress 70%
[2026-07-26 11:51:34] [INFO] UI Update: Progress 72%
[2026-07-26 11:51:34] [INFO] UI Update: Progress 74%
[2026-07-26 11:51:34] [INFO] UI Update: Progress 76%
[2026-07-26 11:51:34] [INFO] UI Update: Progress 79%
[2026-07-26 11:51:34] [INFO] UI Update: Progress 81%
[2026-07-26 11:51:38] [INFO] UI Update: Progress 83%
[2026-07-26 11:51:40] [INFO] UI Update: Progress 85%
[2026-07-26 11:51:40] [INFO] UI Update: Progress 88%
[2026-07-26 11:51:40] [INFO] UI Update: Progress 90%
[2026-07-26 11:51:40] [INFO] UI Update: Progress 90%
[2026-07-26 11:51:41] [INFO] UI Update: Progress 92%
[2026-07-26 11:51:42] [INFO] UI Update: Progress 96%
[2026-07-26 11:51:43] [INFO] UI Update: Progress 98%
[2026-07-26 11:51:44] [INFO] UI Update: Progress 100%
[2026-07-26 11:57:08] [INFO] Installation script started.
[2026-07-26 11:57:09] [INFO] UI Update: Progress 0%
[2026-07-26 11:57:10] [INFO] UI Update: Progress 2%
[2026-07-26 11:57:10] [INFO] UI Update: Progress 4%
[2026-07-26 11:57:11] [INFO] UI Update: Progress 6%
[2026-07-26 11:57:11] [INFO] UI Update: Progress 10%
[2026-07-26 11:57:12] [INFO] UI Update: Progress 12%
[2026-07-26 11:57:12] [INFO] UI Update: Progress 30%
[2026-07-26 11:57:13] [INFO] UI Update: Progress 32%
[2026-07-26 11:57:14] [INFO] UI Update: Progress 33%
[2026-07-26 11:57:17] [INFO] Virtual environment created successfully.
[2026-07-26 11:57:17] [INFO] Mock: File bypassed for testing (requirements.txt missing)
[2026-07-26 11:57:18] [INFO] UI Update: Progress 50%
[2026-07-26 11:57:19] [INFO] UI Update: Progress 52%
[2026-07-26 11:57:19] [INFO] UI Update: Progress 55%
[2026-07-26 11:57:20] [INFO] UI Update: Progress 60%
[2026-07-26 11:57:21] [INFO] UI Update: Progress 62%
[2026-07-26 11:57:21] [INFO] UI Update: Progress 65%
[2026-07-26 11:57:21] [INFO] UI Update: Progress 67%
[2026-07-26 11:57:21] [INFO] UI Update: Progress 70%
[2026-07-26 11:57:22] [INFO] UI Update: Progress 72%
[2026-07-26 11:57:22] [INFO] UI Update: Progress 74%
[2026-07-26 11:57:22] [INFO] UI Update: Progress 76%
[2026-07-26 11:57:22] [INFO] UI Update: Progress 79%
[2026-07-26 11:57:22] [INFO] UI Update: Progress 81%
[2026-07-26 11:57:27] [INFO] UI Update: Progress 83%
[2026-07-26 11:57:30] [INFO] UI Update: Progress 85%
[2026-07-26 11:57:30] [INFO] UI Update: Progress 88%
[2026-07-26 11:57:30] [INFO] UI Update: Progress 90%
[2026-07-26 11:57:30] [INFO] UI Update: Progress 90%
[2026-07-26 11:57:31] [INFO] UI Update: Progress 92%
[2026-07-26 11:57:31] [INFO] UI Update: Progress 96%
[2026-07-26 11:57:32] [INFO] UI Update: Progress 98%
[2026-07-26 11:57:33] [INFO] UI Update: Progress 100%
[2026-07-26 17:51:22] [INFO] Installation script started.
[2026-07-26 17:51:27] [INFO] UI Update: Progress 0%
[2026-07-26 17:51:28] [INFO] UI Update: Progress 2%
[2026-07-26 17:51:28] [INFO] UI Update: Progress 4%
[2026-07-26 17:51:29] [INFO] UI Update: Progress 6%
[2026-07-26 17:51:29] [INFO] UI Update: Progress 10%
[2026-07-26 17:51:30] [INFO] UI Update: Progress 12%
[2026-07-26 17:51:30] [INFO] UI Update: Progress 30%
[2026-07-26 17:51:31] [INFO] UI Update: Progress 32%
[2026-07-26 17:51:32] [INFO] UI Update: Progress 33%
[2026-07-26 17:51:37] [INFO] Virtual environment created successfully.
[2026-07-26 17:51:37] [INFO] Mock: File bypassed for testing (requirements.txt missing)
[2026-07-26 17:51:37] [INFO] UI Update: Progress 50%
[2026-07-26 17:51:38] [INFO] UI Update: Progress 52%
[2026-07-26 17:51:38] [INFO] UI Update: Progress 60%
[2026-07-26 17:51:39] [INFO] UI Update: Progress 62%
[2026-07-26 17:51:39] [INFO] UI Update: Progress 65%
[2026-07-26 17:51:40] [INFO] UI Update: Progress 67%
[2026-07-26 17:51:40] [INFO] UI Update: Progress 70%
[2026-07-26 17:51:40] [INFO] UI Update: Progress 72%
[2026-07-26 17:51:40] [INFO] UI Update: Progress 74%
[2026-07-26 17:51:40] [INFO] UI Update: Progress 76%
[2026-07-26 17:51:40] [INFO] UI Update: Progress 79%
[2026-07-26 17:51:40] [INFO] UI Update: Progress 81%
[2026-07-26 17:51:44] [INFO] UI Update: Progress 83%
[2026-07-26 17:51:46] [INFO] UI Update: Progress 85%
[2026-07-26 17:51:46] [INFO] UI Update: Progress 88%
[2026-07-26 17:51:46] [INFO] UI Update: Progress 90%
[2026-07-26 17:51:46] [INFO] UI Update: Progress 90%
[2026-07-26 17:51:47] [INFO] UI Update: Progress 92%
[2026-07-26 17:51:48] [INFO] UI Update: Progress 96%
[2026-07-26 17:51:49] [INFO] UI Update: Progress 98%
[2026-07-26 17:51:50] [INFO] UI Update: Progress 100%
