[2026-07-27 10:55:21] [INFO] ==========================================================
[2026-07-27 10:55:21] [INFO] Installation script started.
[2026-07-27 10:55:21] [INFO] BaseDir      : D:\UT\ManagementAndcontrollingITProjects\HNO
[2026-07-27 10:55:21] [INFO] PowerShell   : 5.1.26100.8875
[2026-07-27 10:55:21] [INFO] OS           : Microsoft Windows NT 10.0.26200.0
[2026-07-27 10:55:21] [INFO] User         : Sejron.com (elevated=False)
[2026-07-27 10:55:22] [INFO] UI: ۱. بررسی مسیر نصب و فضای دیسک...
[2026-07-27 10:55:22] [INFO] Free space on D:: 34.77 GB
[2026-07-27 10:55:22] [INFO] UI: ۲. مسیر نصب معتبر است. فضای آزاد: 34.77 گیگابایت
[2026-07-27 10:55:22] [INFO] UI: ۳. جستجوی فایل requirements...
[2026-07-27 10:55:22] [DEBUG] requirements not at: D:\UT\ManagementAndcontrollingITProjects\HNO\HamyarNejat_Package\libraries\requirements.lock.txt
[2026-07-27 10:55:22] [DEBUG] requirements not at: D:\UT\ManagementAndcontrollingITProjects\HNO\HamyarNejat_Package\libraries\requirements.txt
[2026-07-27 10:55:22] [INFO] requirements resolved to: D:\UT\ManagementAndcontrollingITProjects\HNO\requirements.lock.txt
[2026-07-27 10:55:22] [INFO] requirements entries: 90
[2026-07-27 10:55:22] [INFO] UI: ۴. فایل requirements یافت شد (90 بسته).
[2026-07-27 10:55:22] [INFO] UI: ۵. بررسی مخزن آفلاین کتابخانه‌ها...
[2026-07-27 10:55:22] [INFO] Offline packages found: 107 wheels, 107 source archives
[2026-07-27 10:55:22] [INFO] UI: ۶. تعداد 107 بسته آفلاین آماده است.
[2026-07-27 10:55:22] [INFO] UI: ۷. آماده‌سازی مفسر پایتون...
[2026-07-27 10:55:22] [INFO] UI: ۸. نصب پایتون به صورت پنهان و محلی. لطفاً صبور باشید...
[2026-07-27 10:55:22] [INFO] EXEC: "D:\UT\ManagementAndcontrollingITProjects\HNO\HamyarNejat_Package\installers\python-3.13.12-amd64.exe" /quiet InstallAllUsers=0 PrependPath=0 AssociateFiles=0 Shortcuts=0 Include_test=0 Include_launcher=0 Include_doc=0 TargetDir=D:\UT\ManagementAndcontrollingITProjects\HNO\python
[2026-07-27 10:56:21] [INFO] EXIT:  after 58s
[2026-07-27 10:56:21] [ERROR] INSTALLATION FAILED: نصب پایتون با خطا مواجه شد. کد خطا: 
[2026-07-27 10:56:21] [ERROR] ScriptStackTrace: at Start-Installation, D:\UT\ManagementAndcontrollingITProjects\HNO\install.ps1: line 349
at Invoke-Main, D:\UT\ManagementAndcontrollingITProjects\HNO\install.ps1: line 647
at <ScriptBlock>, D:\UT\ManagementAndcontrollingITProjects\HNO\install.ps1: line 673
at <ScriptBlock>, D:\UT\ManagementAndcontrollingITProjects\HNO\install.ps1: line 674
[2026-07-27 10:56:21] [INFO] UI: خطا در نصب:
نصب پایتون با خطا مواجه شد. کد خطا: 
[2026-07-27 11:00:55] [INFO] Exiting with code 1
