[2026-07-28 15:31:38] [INFO] ==========================================================
[2026-07-28 15:31:38] [INFO] Installation script started.
[2026-07-28 15:31:38] [INFO] BaseDir      : D:\UT\ManagementAndcontrollingITProjects\HNO
[2026-07-28 15:31:38] [INFO] PowerShell   : 5.1.26100.8875
[2026-07-28 15:31:38] [INFO] OS           : Microsoft Windows NT 10.0.26200.0
[2026-07-28 15:31:38] [INFO] User         : Sejron.com (elevated=False)
[2026-07-28 15:31:38] [INFO] UI: ۱. بررسی مسیر نصب و فضای دیسک...
[2026-07-28 15:31:38] [INFO] Free space on D:: 40.13 GB
[2026-07-28 15:31:38] [INFO] UI: ۲. مسیر نصب معتبر است. فضای آزاد: 40.13 گیگابایت
[2026-07-28 15:31:38] [INFO] UI: ۳. جستجوی فایل requirements...
[2026-07-28 15:31:38] [DEBUG] requirements not at: D:\UT\ManagementAndcontrollingITProjects\HNO\HamyarNejat_Package\libraries\requirements.lock.txt
[2026-07-28 15:31:38] [DEBUG] requirements not at: D:\UT\ManagementAndcontrollingITProjects\HNO\HamyarNejat_Package\libraries\requirements.txt
[2026-07-28 15:31:38] [DEBUG] requirements not at: D:\UT\ManagementAndcontrollingITProjects\HNO\requirements.lock.txt
[2026-07-28 15:31:38] [INFO] requirements resolved to: D:\UT\ManagementAndcontrollingITProjects\HNO\requirements.txt
[2026-07-28 15:31:38] [INFO] requirements entries: 4
[2026-07-28 15:31:38] [INFO] UI: ۴. فایل requirements یافت شد (4 بسته).
[2026-07-28 15:31:38] [INFO] UI: ۵. بررسی مخزن آفلاین کتابخانه‌ها...
[2026-07-28 15:31:38] [INFO] Offline packages found: 109 wheels, 109 source archives
[2026-07-28 15:31:38] [INFO] UI: ۶. تعداد 109 بسته آفلاین آماده است.
[2026-07-28 15:31:38] [INFO] UI: ۷. آماده‌سازی مفسر پایتون...
[2026-07-28 15:31:38] [INFO] Using embedded Python: D:\UT\ManagementAndcontrollingITProjects\HNO\HamyarNejat_Package\installers\python\python.exe
[2026-07-28 15:31:38] [INFO] UI: ۹. رد شدن از بررسی سازگاری نسخه پایتون (طبق تنظیمات دستی)...
[2026-07-28 15:31:38] [INFO] Skipping Python ABI check as requested. Proceeding to requirements installation...
[2026-07-28 15:31:38] [INFO] UI: ۱۱. ایجاد محیط مجازی پایتون (venv)...
[2026-07-28 15:31:38] [INFO] Removing stale venv at D:\UT\ManagementAndcontrollingITProjects\HNO\venv
[2026-07-28 15:31:38] [INFO] Copying embedded Python from D:\UT\ManagementAndcontrollingITProjects\HNO\HamyarNejat_Package\installers\python to D:\UT\ManagementAndcontrollingITProjects\HNO\venv
[2026-07-28 15:31:38] [INFO] Virtual environment created successfully: D:\UT\ManagementAndcontrollingITProjects\HNO\venv\python.exe
[2026-07-28 15:31:38] [INFO] UI: ۱۲. محیط مجازی آماده شد.
[2026-07-28 15:31:38] [INFO] UI: ۱۳. نصب آفلاین کتابخانه‌ها. این مرحله چند دقیقه طول می‌کشد...
[2026-07-28 15:31:38] [INFO] EXEC: "D:\UT\ManagementAndcontrollingITProjects\HNO\venv\python.exe" -m pip install --no-index --find-links D:\UT\ManagementAndcontrollingITProjects\HNO\HamyarNejat_Package\libraries --only-binary :all: --no-cache-dir --disable-pip-version-check --no-warn-script-location --no-input --isolated --verbose -r D:\UT\ManagementAndcontrollingITProjects\HNO\requirements.txt
[2026-07-28 15:31:39] [INFO] EXIT:  after 0s
[2026-07-28 15:31:39] [ERROR] pip stderr tail:
D:\UT\ManagementAndcontrollingITProjects\HNO\venv\python.exe: No module named pip
[2026-07-28 15:31:39] [ERROR] pip stdout tail:

[2026-07-28 15:31:39] [INFO] فایل دیباگ جامع نصب ساخته شد: D:\UT\ManagementAndcontrollingITProjects\HNO\logs\pip_full_debug.log
[2026-07-28 15:31:39] [ERROR] INSTALLATION FAILED: نصب کتابخانه‌ها با خطا مواجه شد (کد ).
لاگ کامل: D:\UT\ManagementAndcontrollingITProjects\HNO\logs\pip_stderr.log
لطفا فایل pip_full_debug.log را در پوشه لاگ بررسی کنید.
[2026-07-28 15:31:39] [ERROR] ScriptStackTrace: at Start-Installation, D:\UT\ManagementAndcontrollingITProjects\HNO\install.ps1: line 417
at Invoke-Main, D:\UT\ManagementAndcontrollingITProjects\HNO\install.ps1: line 621
at <ScriptBlock>, D:\UT\ManagementAndcontrollingITProjects\HNO\install.ps1: line 647
at <ScriptBlock>, D:\UT\ManagementAndcontrollingITProjects\HNO\install.ps1: line 648
[2026-07-28 15:31:39] [INFO] UI: خطا در نصب:
نصب کتابخانه‌ها با خطا مواجه شد (کد ).
لاگ کامل: D:\UT\ManagementAndcontrollingITProjects\HNO\logs\pip_stderr.log
لطفا فایل pip_full_debug.log را در پوشه لاگ بررسی کنید.
[2026-07-28 15:31:47] [INFO] Exiting with code 1
